// Vitest Snapshot v1, https://vitest.dev/guide/snapshot.html

exports[`SimulationSettingsComponent > GIVEN the component is rendered > THEN it is rendered correctly 1`] = `
<DocumentFragment>
  <div
    class="MuiPaper-root MuiPaper-elevation MuiPaper-rounded MuiPaper-elevation1 css-1y04e60-MuiPaper-root"
    style="--Paper-shadow: 0px 2px 1px -1px rgba(0,0,0,0.2),0px 1px 1px 0px rgba(0,0,0,0.14),0px 1px 3px 0px rgba(0,0,0,0.12); --Paper-overlay: linear-gradient(rgba(255, 255, 255, 0.051), rgba(255, 255, 255, 0.051));"
  >
    <form
      class="MuiBox-root css-0"
    >
      <div
        class="MuiBox-root css-178yklu"
      >
        <h6
          class="MuiTypography-root MuiTypography-h6 css-27wtmm-MuiTypography-root"
        >
          Reservoir Starting Levels
        </h6>
        <div
          class="MuiGrid2-root MuiGrid2-container MuiGrid2-direction-xs-row MuiGrid2-spacing-xs-2 css-1nck0i5-MuiGrid2-root"
        >
          <div
            class="MuiGrid2-root MuiGrid2-direction-xs-row css-q6pubx-MuiGrid2-root"
          >
            <div
              class="MuiFormControl-root MuiFormControl-fullWidth MuiTextField-root css-cmpglg-MuiFormControl-root-MuiTextField-root"
            >
              <label
                class="MuiFormLabel-root MuiInputLabel-root MuiInputLabel-formControl MuiInputLabel-animated MuiInputLabel-shrink MuiInputLabel-sizeMedium MuiInputLabel-outlined MuiFormLabel-colorPrimary MuiFormLabel-filled MuiInputLabel-root MuiInputLabel-formControl MuiInputLabel-animated MuiInputLabel-shrink MuiInputLabel-sizeMedium MuiInputLabel-outlined css-6107so-MuiFormLabel-root-MuiInputLabel-root"
                data-shrink="true"
                for=":r0:"
                id=":r0:-label"
              >
                green L
              </label>
              <div
                class="MuiInputBase-root MuiOutlinedInput-root MuiInputBase-colorPrimary MuiInputBase-fullWidth MuiInputBase-formControl css-4etl4u-MuiInputBase-root-MuiOutlinedInput-root"
              >
                <input
                  aria-invalid="false"
                  class="MuiInputBase-input MuiOutlinedInput-input css-j3jqhj-MuiInputBase-input-MuiOutlinedInput-input"
                  data-testid="reservoireStartingLevels-green"
                  id=":r0:"
                  min="0"
                  type="number"
                  value="3500"
                />
                <fieldset
                  aria-hidden="true"
                  class="MuiOutlinedInput-notchedOutline css-12rqw02-MuiOutlinedInput-notchedOutline"
                >
                  <legend
                    class="css-w1u3ce"
                  >
                    <span>
                      green L
                    </span>
                  </legend>
                </fieldset>
              </div>
            </div>
          </div>
          <div
            class="MuiGrid2-root MuiGrid2-direction-xs-row css-q6pubx-MuiGrid2-root"
          >
            <div
              class="MuiFormControl-root MuiFormControl-fullWidth MuiTextField-root css-cmpglg-MuiFormControl-root-MuiTextField-root"
            >
              <label
                class="MuiFormLabel-root MuiInputLabel-root MuiInputLabel-formControl MuiInputLabel-animated MuiInputLabel-shrink MuiInputLabel-sizeMedium MuiInputLabel-outlined MuiFormLabel-colorPrimary MuiFormLabel-filled MuiInputLabel-root MuiInputLabel-formControl MuiInputLabel-animated MuiInputLabel-shrink MuiInputLabel-sizeMedium MuiInputLabel-outlined css-6107so-MuiFormLabel-root-MuiInputLabel-root"
                data-shrink="true"
                for=":r1:"
                id=":r1:-label"
              >
                yellow L
              </label>
              <div
                class="MuiInputBase-root MuiOutlinedInput-root MuiInputBase-colorPrimary MuiInputBase-fullWidth MuiInputBase-formControl css-4etl4u-MuiInputBase-root-MuiOutlinedInput-root"
              >
                <input
                  aria-invalid="false"
                  class="MuiInputBase-input MuiOutlinedInput-input css-j3jqhj-MuiInputBase-input-MuiOutlinedInput-input"
                  data-testid="reservoireStartingLevels-yellow"
                  id=":r1:"
                  min="0"
                  type="number"
                  value="4000"
                />
                <fieldset
                  aria-hidden="true"
                  class="MuiOutlinedInput-notchedOutline css-12rqw02-MuiOutlinedInput-notchedOutline"
                >
                  <legend
                    class="css-w1u3ce"
                  >
                    <span>
                      yellow L
                    </span>
                  </legend>
                </fieldset>
              </div>
            </div>
          </div>
          <div
            class="MuiGrid2-root MuiGrid2-direction-xs-row css-q6pubx-MuiGrid2-root"
          >
            <div
              class="MuiFormControl-root MuiFormControl-fullWidth MuiTextField-root css-cmpglg-MuiFormControl-root-MuiTextField-root"
            >
              <label
                class="MuiFormLabel-root MuiInputLabel-root MuiInputLabel-formControl MuiInputLabel-animated MuiInputLabel-shrink MuiInputLabel-sizeMedium MuiInputLabel-outlined MuiFormLabel-colorPrimary MuiFormLabel-filled MuiInputLabel-root MuiInputLabel-formControl MuiInputLabel-animated MuiInputLabel-shrink MuiInputLabel-sizeMedium MuiInputLabel-outlined css-6107so-MuiFormLabel-root-MuiInputLabel-root"
                data-shrink="true"
                for=":r2:"
                id=":r2:-label"
              >
                blue L
              </label>
              <div
                class="MuiInputBase-root MuiOutlinedInput-root MuiInputBase-colorPrimary MuiInputBase-fullWidth MuiInputBase-formControl css-4etl4u-MuiInputBase-root-MuiOutlinedInput-root"
              >
                <input
                  aria-invalid="false"
                  class="MuiInputBase-input MuiOutlinedInput-input css-j3jqhj-MuiInputBase-input-MuiOutlinedInput-input"
                  data-testid="reservoireStartingLevels-blue"
                  id=":r2:"
                  min="0"
                  type="number"
                  value="3000"
                />
                <fieldset
                  aria-hidden="true"
                  class="MuiOutlinedInput-notchedOutline css-12rqw02-MuiOutlinedInput-notchedOutline"
                >
                  <legend
                    class="css-w1u3ce"
                  >
                    <span>
                      blue L
                    </span>
                  </legend>
                </fieldset>
              </div>
            </div>
          </div>
        </div>
      </div>
      <div
        class="MuiBox-root css-178yklu"
      >
        <h6
          class="MuiTypography-root MuiTypography-h6 css-27wtmm-MuiTypography-root"
        >
          Reservoir Leakage Rates
        </h6>
        <div
          class="MuiGrid2-root MuiGrid2-container MuiGrid2-direction-xs-row MuiGrid2-spacing-xs-2 css-1nck0i5-MuiGrid2-root"
        >
          <div
            class="MuiGrid2-root MuiGrid2-direction-xs-row css-q6pubx-MuiGrid2-root"
          >
            <div
              class="MuiFormControl-root MuiFormControl-fullWidth MuiTextField-root css-cmpglg-MuiFormControl-root-MuiTextField-root"
            >
              <label
                class="MuiFormLabel-root MuiInputLabel-root MuiInputLabel-formControl MuiInputLabel-animated MuiInputLabel-shrink MuiInputLabel-sizeMedium MuiInputLabel-outlined MuiFormLabel-colorPrimary MuiFormLabel-filled MuiInputLabel-root MuiInputLabel-formControl MuiInputLabel-animated MuiInputLabel-shrink MuiInputLabel-sizeMedium MuiInputLabel-outlined css-6107so-MuiFormLabel-root-MuiInputLabel-root"
                data-shrink="true"
                for=":r3:"
                id=":r3:-label"
              >
                green L/s
              </label>
              <div
                class="MuiInputBase-root MuiOutlinedInput-root MuiInputBase-colorPrimary MuiInputBase-fullWidth MuiInputBase-formControl css-4etl4u-MuiInputBase-root-MuiOutlinedInput-root"
              >
                <input
                  aria-invalid="false"
                  class="MuiInputBase-input MuiOutlinedInput-input css-j3jqhj-MuiInputBase-input-MuiOutlinedInput-input"
                  data-testid="reservoireLeakageRates-green"
                  id=":r3:"
                  min="0"
                  type="number"
                  value="0.5"
                />
                <fieldset
                  aria-hidden="true"
                  class="MuiOutlinedInput-notchedOutline css-12rqw02-MuiOutlinedInput-notchedOutline"
                >
                  <legend
                    class="css-w1u3ce"
                  >
                    <span>
                      green L/s
                    </span>
                  </legend>
                </fieldset>
              </div>
            </div>
          </div>
          <div
            class="MuiGrid2-root MuiGrid2-direction-xs-row css-q6pubx-MuiGrid2-root"
          >
            <div
              class="MuiFormControl-root MuiFormControl-fullWidth MuiTextField-root css-cmpglg-MuiFormControl-root-MuiTextField-root"
            >
              <label
                class="MuiFormLabel-root MuiInputLabel-root MuiInputLabel-formControl MuiInputLabel-animated MuiInputLabel-shrink MuiInputLabel-sizeMedium MuiInputLabel-outlined MuiFormLabel-colorPrimary MuiFormLabel-filled MuiInputLabel-root MuiInputLabel-formControl MuiInputLabel-animated MuiInputLabel-shrink MuiInputLabel-sizeMedium MuiInputLabel-outlined css-6107so-MuiFormLabel-root-MuiInputLabel-root"
                data-shrink="true"
                for=":r4:"
                id=":r4:-label"
              >
                yellow L/s
              </label>
              <div
                class="MuiInputBase-root MuiOutlinedInput-root MuiInputBase-colorPrimary MuiInputBase-fullWidth MuiInputBase-formControl css-4etl4u-MuiInputBase-root-MuiOutlinedInput-root"
              >
                <input
                  aria-invalid="false"
                  class="MuiInputBase-input MuiOutlinedInput-input css-j3jqhj-MuiInputBase-input-MuiOutlinedInput-input"
                  data-testid="reservoireLeakageRates-yellow"
                  id=":r4:"
                  min="0"
                  type="number"
                  value="0.5"
                />
                <fieldset
                  aria-hidden="true"
                  class="MuiOutlinedInput-notchedOutline css-12rqw02-MuiOutlinedInput-notchedOutline"
                >
                  <legend
                    class="css-w1u3ce"
                  >
                    <span>
                      yellow L/s
                    </span>
                  </legend>
                </fieldset>
              </div>
            </div>
          </div>
          <div
            class="MuiGrid2-root MuiGrid2-direction-xs-row css-q6pubx-MuiGrid2-root"
          >
            <div
              class="MuiFormControl-root MuiFormControl-fullWidth MuiTextField-root css-cmpglg-MuiFormControl-root-MuiTextField-root"
            >
              <label
                class="MuiFormLabel-root MuiInputLabel-root MuiInputLabel-formControl MuiInputLabel-animated MuiInputLabel-shrink MuiInputLabel-sizeMedium MuiInputLabel-outlined MuiFormLabel-colorPrimary MuiFormLabel-filled MuiInputLabel-root MuiInputLabel-formControl MuiInputLabel-animated MuiInputLabel-shrink MuiInputLabel-sizeMedium MuiInputLabel-outlined css-6107so-MuiFormLabel-root-MuiInputLabel-root"
                data-shrink="true"
                for=":r5:"
                id=":r5:-label"
              >
                blue L/s
              </label>
              <div
                class="MuiInputBase-root MuiOutlinedInput-root MuiInputBase-colorPrimary MuiInputBase-fullWidth MuiInputBase-formControl css-4etl4u-MuiInputBase-root-MuiOutlinedInput-root"
              >
                <input
                  aria-invalid="false"
                  class="MuiInputBase-input MuiOutlinedInput-input css-j3jqhj-MuiInputBase-input-MuiOutlinedInput-input"
                  data-testid="reservoireLeakageRates-blue"
                  id=":r5:"
                  min="0"
                  type="number"
                  value="0.5"
                />
                <fieldset
                  aria-hidden="true"
                  class="MuiOutlinedInput-notchedOutline css-12rqw02-MuiOutlinedInput-notchedOutline"
                >
                  <legend
                    class="css-w1u3ce"
                  >
                    <span>
                      blue L/s
                    </span>
                  </legend>
                </fieldset>
              </div>
            </div>
          </div>
        </div>
      </div>
      <div
        class="MuiBox-root css-178yklu"
      >
        <h6
          class="MuiTypography-root MuiTypography-h6 css-27wtmm-MuiTypography-root"
        >
          Pump Max Flow Rates
        </h6>
        <div
          class="MuiGrid2-root MuiGrid2-container MuiGrid2-direction-xs-row MuiGrid2-spacing-xs-2 css-1nck0i5-MuiGrid2-root"
        >
          <div
            class="MuiGrid2-root MuiGrid2-direction-xs-row css-q6pubx-MuiGrid2-root"
          >
            <div
              class="MuiFormControl-root MuiFormControl-fullWidth MuiTextField-root css-cmpglg-MuiFormControl-root-MuiTextField-root"
            >
              <label
                class="MuiFormLabel-root MuiInputLabel-root MuiInputLabel-formControl MuiInputLabel-animated MuiInputLabel-shrink MuiInputLabel-sizeMedium MuiInputLabel-outlined MuiFormLabel-colorPrimary MuiFormLabel-filled MuiInputLabel-root MuiInputLabel-formControl MuiInputLabel-animated MuiInputLabel-shrink MuiInputLabel-sizeMedium MuiInputLabel-outlined css-6107so-MuiFormLabel-root-MuiInputLabel-root"
                data-shrink="true"
                for=":r6:"
                id=":r6:-label"
              >
                engine1 PSI
              </label>
              <div
                class="MuiInputBase-root MuiOutlinedInput-root MuiInputBase-colorPrimary MuiInputBase-fullWidth MuiInputBase-formControl css-4etl4u-MuiInputBase-root-MuiOutlinedInput-root"
              >
                <input
                  aria-invalid="false"
                  class="MuiInputBase-input MuiOutlinedInput-input css-j3jqhj-MuiInputBase-input-MuiOutlinedInput-input"
                  data-testid="pumpMaxFlowRates-engine1"
                  id=":r6:"
                  min="0"
                  type="number"
                  value="3150"
                />
                <fieldset
                  aria-hidden="true"
                  class="MuiOutlinedInput-notchedOutline css-12rqw02-MuiOutlinedInput-notchedOutline"
                >
                  <legend
                    class="css-w1u3ce"
                  >
                    <span>
                      engine1 PSI
                    </span>
                  </legend>
                </fieldset>
              </div>
            </div>
          </div>
          <div
            class="MuiGrid2-root MuiGrid2-direction-xs-row css-q6pubx-MuiGrid2-root"
          >
            <div
              class="MuiFormControl-root MuiFormControl-fullWidth MuiTextField-root css-cmpglg-MuiFormControl-root-MuiTextField-root"
            >
              <label
                class="MuiFormLabel-root MuiInputLabel-root MuiInputLabel-formControl MuiInputLabel-animated MuiInputLabel-shrink MuiInputLabel-sizeMedium MuiInputLabel-outlined MuiFormLabel-colorPrimary MuiFormLabel-filled MuiInputLabel-root MuiInputLabel-formControl MuiInputLabel-animated MuiInputLabel-shrink MuiInputLabel-sizeMedium MuiInputLabel-outlined css-6107so-MuiFormLabel-root-MuiInputLabel-root"
                data-shrink="true"
                for=":r7:"
                id=":r7:-label"
              >
                engine2 PSI
              </label>
              <div
                class="MuiInputBase-root MuiOutlinedInput-root MuiInputBase-colorPrimary MuiInputBase-fullWidth MuiInputBase-formControl css-4etl4u-MuiInputBase-root-MuiOutlinedInput-root"
              >
                <input
                  aria-invalid="false"
                  class="MuiInputBase-input MuiOutlinedInput-input css-j3jqhj-MuiInputBase-input-MuiOutlinedInput-input"
                  data-testid="pumpMaxFlowRates-engine2"
                  id=":r7:"
                  min="0"
                  type="number"
                  value="3150"
                />
                <fieldset
                  aria-hidden="true"
                  class="MuiOutlinedInput-notchedOutline css-12rqw02-MuiOutlinedInput-notchedOutline"
                >
                  <legend
                    class="css-w1u3ce"
                  >
                    <span>
                      engine2 PSI
                    </span>
                  </legend>
                </fieldset>
              </div>
            </div>
          </div>
          <div
            class="MuiGrid2-root MuiGrid2-direction-xs-row css-q6pubx-MuiGrid2-root"
          >
            <div
              class="MuiFormControl-root MuiFormControl-fullWidth MuiTextField-root css-cmpglg-MuiFormControl-root-MuiTextField-root"
            >
              <label
                class="MuiFormLabel-root MuiInputLabel-root MuiInputLabel-formControl MuiInputLabel-animated MuiInputLabel-shrink MuiInputLabel-sizeMedium MuiInputLabel-outlined MuiFormLabel-colorPrimary MuiFormLabel-filled MuiInputLabel-root MuiInputLabel-formControl MuiInputLabel-animated MuiInputLabel-shrink MuiInputLabel-sizeMedium MuiInputLabel-outlined css-6107so-MuiFormLabel-root-MuiInputLabel-root"
                data-shrink="true"
                for=":r8:"
                id=":r8:-label"
              >
                blueElectricPump PSI
              </label>
              <div
                class="MuiInputBase-root MuiOutlinedInput-root MuiInputBase-colorPrimary MuiInputBase-fullWidth MuiInputBase-formControl css-4etl4u-MuiInputBase-root-MuiOutlinedInput-root"
              >
                <input
                  aria-invalid="false"
                  class="MuiInputBase-input MuiOutlinedInput-input css-j3jqhj-MuiInputBase-input-MuiOutlinedInput-input"
                  data-testid="pumpMaxFlowRates-blueElectricPump"
                  id=":r8:"
                  min="0"
                  type="number"
                  value="3150"
                />
                <fieldset
                  aria-hidden="true"
                  class="MuiOutlinedInput-notchedOutline css-12rqw02-MuiOutlinedInput-notchedOutline"
                >
                  <legend
                    class="css-w1u3ce"
                  >
                    <span>
                      blueElectricPump PSI
                    </span>
                  </legend>
                </fieldset>
              </div>
            </div>
          </div>
          <div
            class="MuiGrid2-root MuiGrid2-direction-xs-row css-q6pubx-MuiGrid2-root"
          >
            <div
              class="MuiFormControl-root MuiFormControl-fullWidth MuiTextField-root css-cmpglg-MuiFormControl-root-MuiTextField-root"
            >
              <label
                class="MuiFormLabel-root MuiInputLabel-root MuiInputLabel-formControl MuiInputLabel-animated MuiInputLabel-shrink MuiInputLabel-sizeMedium MuiInputLabel-outlined MuiFormLabel-colorPrimary MuiFormLabel-filled MuiInputLabel-root MuiInputLabel-formControl MuiInputLabel-animated MuiInputLabel-shrink MuiInputLabel-sizeMedium MuiInputLabel-outlined css-6107so-MuiFormLabel-root-MuiInputLabel-root"
                data-shrink="true"
                for=":r9:"
                id=":r9:-label"
              >
                yellowElectricPump PSI
              </label>
              <div
                class="MuiInputBase-root MuiOutlinedInput-root MuiInputBase-colorPrimary MuiInputBase-fullWidth MuiInputBase-formControl css-4etl4u-MuiInputBase-root-MuiOutlinedInput-root"
              >
                <input
                  aria-invalid="false"
                  class="MuiInputBase-input MuiOutlinedInput-input css-j3jqhj-MuiInputBase-input-MuiOutlinedInput-input"
                  data-testid="pumpMaxFlowRates-yellowElectricPump"
                  id=":r9:"
                  min="0"
                  type="number"
                  value="3150"
                />
                <fieldset
                  aria-hidden="true"
                  class="MuiOutlinedInput-notchedOutline css-12rqw02-MuiOutlinedInput-notchedOutline"
                >
                  <legend
                    class="css-w1u3ce"
                  >
                    <span>
                      yellowElectricPump PSI
                    </span>
                  </legend>
                </fieldset>
              </div>
            </div>
          </div>
          <div
            class="MuiGrid2-root MuiGrid2-direction-xs-row css-q6pubx-MuiGrid2-root"
          >
            <div
              class="MuiFormControl-root MuiFormControl-fullWidth MuiTextField-root css-cmpglg-MuiFormControl-root-MuiTextField-root"
            >
              <label
                class="MuiFormLabel-root MuiInputLabel-root MuiInputLabel-formControl MuiInputLabel-animated MuiInputLabel-shrink MuiInputLabel-sizeMedium MuiInputLabel-outlined MuiFormLabel-colorPrimary MuiFormLabel-filled MuiInputLabel-root MuiInputLabel-formControl MuiInputLabel-animated MuiInputLabel-shrink MuiInputLabel-sizeMedium MuiInputLabel-outlined css-6107so-MuiFormLabel-root-MuiInputLabel-root"
                data-shrink="true"
                for=":ra:"
                id=":ra:-label"
              >
                ramAirTurbine PSI
              </label>
              <div
                class="MuiInputBase-root MuiOutlinedInput-root MuiInputBase-colorPrimary MuiInputBase-fullWidth MuiInputBase-formControl css-4etl4u-MuiInputBase-root-MuiOutlinedInput-root"
              >
                <input
                  aria-invalid="false"
                  class="MuiInputBase-input MuiOutlinedInput-input css-j3jqhj-MuiInputBase-input-MuiOutlinedInput-input"
                  data-testid="pumpMaxFlowRates-ramAirTurbine"
                  id=":ra:"
                  min="0"
                  type="number"
                  value="3000"
                />
                <fieldset
                  aria-hidden="true"
                  class="MuiOutlinedInput-notchedOutline css-12rqw02-MuiOutlinedInput-notchedOutline"
                >
                  <legend
                    class="css-w1u3ce"
                  >
                    <span>
                      ramAirTurbine PSI
                    </span>
                  </legend>
                </fieldset>
              </div>
            </div>
          </div>
        </div>
      </div>
      <div
        class="MuiBox-root css-178yklu"
      >
        <h6
          class="MuiTypography-root MuiTypography-h6 css-27wtmm-MuiTypography-root"
        >
          Other Settings
        </h6>
        <div
          class="MuiGrid2-root MuiGrid2-container MuiGrid2-direction-xs-row MuiGrid2-spacing-xs-2 css-1nck0i5-MuiGrid2-root"
        >
          <div
            class="MuiGrid2-root MuiGrid2-direction-xs-row css-q6pubx-MuiGrid2-root"
          >
            <div
              class="MuiFormControl-root MuiFormControl-fullWidth MuiTextField-root css-cmpglg-MuiFormControl-root-MuiTextField-root"
            >
              <label
                class="MuiFormLabel-root MuiInputLabel-root MuiInputLabel-formControl MuiInputLabel-animated MuiInputLabel-shrink MuiInputLabel-sizeMedium MuiInputLabel-outlined MuiFormLabel-colorPrimary MuiFormLabel-filled MuiInputLabel-root MuiInputLabel-formControl MuiInputLabel-animated MuiInputLabel-shrink MuiInputLabel-sizeMedium MuiInputLabel-outlined css-6107so-MuiFormLabel-root-MuiInputLabel-root"
                data-shrink="true"
                for=":rb:"
                id=":rb:-label"
              >
                Line Max Pressure 
              </label>
              <div
                class="MuiInputBase-root MuiOutlinedInput-root MuiInputBase-colorPrimary MuiInputBase-fullWidth MuiInputBase-formControl css-4etl4u-MuiInputBase-root-MuiOutlinedInput-root"
              >
                <input
                  aria-invalid="false"
                  class="MuiInputBase-input MuiOutlinedInput-input css-j3jqhj-MuiInputBase-input-MuiOutlinedInput-input"
                  data-testid="other-hydraulicLineMaxPressure"
                  id=":rb:"
                  min="0"
                  type="number"
                  value="3000"
                />
                <fieldset
                  aria-hidden="true"
                  class="MuiOutlinedInput-notchedOutline css-12rqw02-MuiOutlinedInput-notchedOutline"
                >
                  <legend
                    class="css-w1u3ce"
                  >
                    <span>
                      Line Max Pressure 
                    </span>
                  </legend>
                </fieldset>
              </div>
            </div>
          </div>
          <div
            class="MuiGrid2-root MuiGrid2-direction-xs-row css-q6pubx-MuiGrid2-root"
          >
            <div
              class="MuiFormControl-root MuiFormControl-fullWidth MuiTextField-root css-cmpglg-MuiFormControl-root-MuiTextField-root"
            >
              <label
                class="MuiFormLabel-root MuiInputLabel-root MuiInputLabel-formControl MuiInputLabel-animated MuiInputLabel-shrink MuiInputLabel-sizeMedium MuiInputLabel-outlined MuiFormLabel-colorPrimary MuiFormLabel-filled MuiInputLabel-root MuiInputLabel-formControl MuiInputLabel-animated MuiInputLabel-shrink MuiInputLabel-sizeMedium MuiInputLabel-outlined css-6107so-MuiFormLabel-root-MuiInputLabel-root"
                data-shrink="true"
                for=":rc:"
                id=":rc:-label"
              >
                PTU Threshold 
              </label>
              <div
                class="MuiInputBase-root MuiOutlinedInput-root MuiInputBase-colorPrimary MuiInputBase-fullWidth MuiInputBase-formControl css-4etl4u-MuiInputBase-root-MuiOutlinedInput-root"
              >
                <input
                  aria-invalid="false"
                  class="MuiInputBase-input MuiOutlinedInput-input css-j3jqhj-MuiInputBase-input-MuiOutlinedInput-input"
                  data-testid="other-ptuThreshold"
                  id=":rc:"
                  min="0"
                  type="number"
                  value="500"
                />
                <fieldset
                  aria-hidden="true"
                  class="MuiOutlinedInput-notchedOutline css-12rqw02-MuiOutlinedInput-notchedOutline"
                >
                  <legend
                    class="css-w1u3ce"
                  >
                    <span>
                      PTU Threshold 
                    </span>
                  </legend>
                </fieldset>
              </div>
            </div>
          </div>
          <div
            class="MuiGrid2-root MuiGrid2-direction-xs-row css-q6pubx-MuiGrid2-root"
          >
            <div
              class="MuiFormControl-root MuiFormControl-fullWidth MuiTextField-root css-cmpglg-MuiFormControl-root-MuiTextField-root"
            >
              <label
                class="MuiFormLabel-root MuiInputLabel-root MuiInputLabel-formControl MuiInputLabel-animated MuiInputLabel-shrink MuiInputLabel-sizeMedium MuiInputLabel-outlined MuiFormLabel-colorPrimary MuiFormLabel-filled MuiInputLabel-root MuiInputLabel-formControl MuiInputLabel-animated MuiInputLabel-shrink MuiInputLabel-sizeMedium MuiInputLabel-outlined css-6107so-MuiFormLabel-root-MuiInputLabel-root"
                data-shrink="true"
                for=":rd:"
                id=":rd:-label"
              >
                Air Temperature (°C) 
              </label>
              <div
                class="MuiInputBase-root MuiOutlinedInput-root MuiInputBase-colorPrimary MuiInputBase-fullWidth MuiInputBase-formControl css-4etl4u-MuiInputBase-root-MuiOutlinedInput-root"
              >
                <input
                  aria-invalid="false"
                  class="MuiInputBase-input MuiOutlinedInput-input css-j3jqhj-MuiInputBase-input-MuiOutlinedInput-input"
                  data-testid="other-airTemperature"
                  id=":rd:"
                  min="0"
                  type="number"
                  value="20"
                />
                <fieldset
                  aria-hidden="true"
                  class="MuiOutlinedInput-notchedOutline css-12rqw02-MuiOutlinedInput-notchedOutline"
                >
                  <legend
                    class="css-w1u3ce"
                  >
                    <span>
                      Air Temperature (°C) 
                    </span>
                  </legend>
                </fieldset>
              </div>
            </div>
          </div>
          <div
            class="MuiGrid2-root MuiGrid2-direction-xs-row css-q6pubx-MuiGrid2-root"
          >
            <div
              class="MuiFormControl-root MuiFormControl-fullWidth MuiTextField-root css-cmpglg-MuiFormControl-root-MuiTextField-root"
            >
              <label
                class="MuiFormLabel-root MuiInputLabel-root MuiInputLabel-formControl MuiInputLabel-animated MuiInputLabel-shrink MuiInputLabel-sizeMedium MuiInputLabel-outlined MuiFormLabel-colorPrimary MuiFormLabel-filled MuiInputLabel-root MuiInputLabel-formControl MuiInputLabel-animated MuiInputLabel-shrink MuiInputLabel-sizeMedium MuiInputLabel-outlined css-6107so-MuiFormLabel-root-MuiInputLabel-root"
                data-shrink="true"
                for=":re:"
                id=":re:-label"
              >
                Speed ms/Step 
              </label>
              <div
                class="MuiInputBase-root MuiOutlinedInput-root MuiInputBase-colorPrimary MuiInputBase-fullWidth MuiInputBase-formControl css-4etl4u-MuiInputBase-root-MuiOutlinedInput-root"
              >
                <input
                  aria-invalid="false"
                  class="MuiInputBase-input MuiOutlinedInput-input css-j3jqhj-MuiInputBase-input-MuiOutlinedInput-input"
                  data-testid="other-speed"
                  id=":re:"
                  min="0"
                  type="number"
                  value="100"
                />
                <fieldset
                  aria-hidden="true"
                  class="MuiOutlinedInput-notchedOutline css-12rqw02-MuiOutlinedInput-notchedOutline"
                >
                  <legend
                    class="css-w1u3ce"
                  >
                    <span>
                      Speed ms/Step 
                    </span>
                  </legend>
                </fieldset>
              </div>
            </div>
          </div>
        </div>
      </div>
      <div
        class="MuiBox-root css-vnm1sd"
      >
        <button
          class="MuiButtonBase-root MuiButton-root MuiButton-contained MuiButton-containedPrimary MuiButton-sizeMedium MuiButton-containedSizeMedium MuiButton-colorPrimary MuiButton-root MuiButton-contained MuiButton-containedPrimary MuiButton-sizeMedium MuiButton-containedSizeMedium MuiButton-colorPrimary css-a63emt-MuiButtonBase-root-MuiButton-root"
          tabindex="0"
          type="button"
        >
          Apply
        </button>
        <button
          class="MuiButtonBase-root MuiButton-root MuiButton-outlined MuiButton-outlinedSecondary MuiButton-sizeMedium MuiButton-outlinedSizeMedium MuiButton-colorSecondary MuiButton-root MuiButton-outlined MuiButton-outlinedSecondary MuiButton-sizeMedium MuiButton-outlinedSizeMedium MuiButton-colorSecondary css-bdmont-MuiButtonBase-root-MuiButton-root"
          tabindex="0"
          type="button"
        >
          Reset
        </button>
        <button
          class="MuiButtonBase-root MuiButton-root MuiButton-outlined MuiButton-outlinedSecondary MuiButton-sizeMedium MuiButton-outlinedSizeMedium MuiButton-colorSecondary MuiButton-root MuiButton-outlined MuiButton-outlinedSecondary MuiButton-sizeMedium MuiButton-outlinedSizeMedium MuiButton-colorSecondary css-bdmont-MuiButtonBase-root-MuiButton-root"
          tabindex="0"
          type="button"
        >
          Pause
        </button>
      </div>
    </form>
  </div>
</DocumentFragment>
`;
