// Vitest Snapshot v1, https://vitest.dev/guide/snapshot.html

exports[`AccordianItem > GIVEN the component is rendered > THEN it is rendered correctly 1`] = `
<DocumentFragment>
  <div
    class="MuiPaper-root MuiPaper-elevation MuiPaper-rounded MuiPaper-elevation1 MuiAccordion-root MuiAccordion-rounded MuiAccordion-gutters css-zbm0we-MuiPaper-root-MuiAccordion-root"
    style="--Paper-shadow: 0px 2px 1px -1px rgba(0,0,0,0.2),0px 1px 1px 0px rgba(0,0,0,0.14),0px 1px 3px 0px rgba(0,0,0,0.12); --Paper-overlay: linear-gradient(rgba(255, 255, 255, 0.051), rgba(255, 255, 255, 0.051));"
  >
    <h3
      class="MuiAccordion-heading css-cy7rkm-MuiAccordion-heading"
    >
      <div
        aria-expanded="false"
        class="MuiButtonBase-root MuiAccordionSummary-root MuiAccordionSummary-gutters css-qh2n00-MuiButtonBase-root-MuiAccordionSummary-root"
        role="button"
        tabindex="0"
      >
        <div
          class="MuiAccordionSummary-content MuiAccordionSummary-contentGutters css-7iurs7-MuiAccordionSummary-content"
        >
          Test Title
        </div>
        <div
          class="MuiAccordionSummary-expandIconWrapper css-1giso93-MuiAccordionSummary-expandIconWrapper"
        >
          <svg
            aria-hidden="true"
            class="MuiSvgIcon-root MuiSvgIcon-fontSizeMedium css-1umw9bq-MuiSvgIcon-root"
            data-testid="ExpandMoreIcon"
            focusable="false"
            viewBox="0 0 24 24"
          >
            <path
              d="M16.59 8.59 12 13.17 7.41 8.59 6 10l6 6 6-6z"
            />
          </svg>
        </div>
      </div>
    </h3>
    <div
      class="MuiCollapse-root MuiCollapse-vertical MuiCollapse-hidden css-cwrbtg-MuiCollapse-root"
      style="min-height: 0px;"
    >
      <div
        class="MuiCollapse-wrapper MuiCollapse-vertical css-1x6hinx-MuiCollapse-wrapper"
      >
        <div
          class="MuiCollapse-wrapperInner MuiCollapse-vertical css-1i4ywhz-MuiCollapse-wrapperInner"
        >
          <div
            class="MuiAccordion-region"
            role="region"
          >
            <div
              class="MuiAccordionDetails-root css-1lj39kh-MuiAccordionDetails-root"
            >
              <div>
                Test component
              </div>
            </div>
          </div>
        </div>
      </div>
    </div>
  </div>
</DocumentFragment>
`;
