// Vitest Snapshot v1, https://vitest.dev/guide/snapshot.html

exports[`Renders layout component 1`] = `
<DocumentFragment>
  <div
    class="MuiBox-root css-1boiz6q"
  >
    <div
      class="MuiContainer-root MuiContainer-maxWidthXl css-7r9cn7-MuiContainer-root"
    >
      <div
        class="MuiPaper-root MuiPaper-elevation MuiPaper-elevation1 left-container css-h2vxs7-MuiPaper-root"
        style="--Paper-shadow: 0px 2px 1px -1px rgba(0,0,0,0.2),0px 1px 1px 0px rgba(0,0,0,0.14),0px 1px 3px 0px rgba(0,0,0,0.12);"
      >
        <div
          class="container__ecam"
        >
          <img
            alt="ECAM and panel"
            class="container__ecam__image"
            src="/src/assets/ecam_and_panel_day_hyd_off.webp"
          />
          <canvas
            class="canvas"
            data-testid="canvas"
            height="640"
            width="480"
          />
        </div>
      </div>
      <div
        class="MuiPaper-root MuiPaper-elevation MuiPaper-elevation1 right-container css-19fay5e-MuiPaper-root"
        style="--Paper-shadow: 0px 2px 1px -1px rgba(0,0,0,0.2),0px 1px 1px 0px rgba(0,0,0,0.14),0px 1px 3px 0px rgba(0,0,0,0.12);"
      >
        <div
          class="right-container__content MuiBox-root css-cu6mlu"
        >
          <div
            class="MuiContainer-root MuiContainer-maxWidthLg css-gozcse-MuiContainer-root"
          >
            <div
              class="MuiPaper-root MuiPaper-elevation MuiPaper-rounded MuiPaper-elevation1 css-a7vxmm-MuiPaper-root"
              style="--Paper-shadow: 0px 2px 1px -1px rgba(0,0,0,0.2),0px 1px 1px 0px rgba(0,0,0,0.14),0px 1px 3px 0px rgba(0,0,0,0.12);"
            >
              <div
                class="MuiPaper-root MuiPaper-elevation MuiPaper-rounded MuiPaper-elevation1 MuiAccordion-root MuiAccordion-rounded MuiAccordion-gutters css-17r1v4i-MuiPaper-root-MuiAccordion-root"
                style="--Paper-shadow: 0px 2px 1px -1px rgba(0,0,0,0.2),0px 1px 1px 0px rgba(0,0,0,0.14),0px 1px 3px 0px rgba(0,0,0,0.12);"
              >
                <h3
                  class="MuiAccordion-heading css-cy7rkm-MuiAccordion-heading"
                >
                  <div
                    aria-expanded="false"
                    class="MuiButtonBase-root MuiAccordionSummary-root MuiAccordionSummary-gutters css-jineix-MuiButtonBase-root-MuiAccordionSummary-root"
                    role="button"
                    tabindex="0"
                  >
                    <div
                      class="MuiAccordionSummary-content MuiAccordionSummary-contentGutters css-7iurs7-MuiAccordionSummary-content"
                    >
                      <h6
                        class="MuiTypography-root MuiTypography-h6 css-1s626gf-MuiTypography-root"
                      >
                        Overhead Panel
                      </h6>
                    </div>
                    <div
                      class="MuiAccordionSummary-expandIconWrapper css-1wqf3nl-MuiAccordionSummary-expandIconWrapper"
                    >
                      <svg
                        aria-hidden="true"
                        class="MuiSvgIcon-root MuiSvgIcon-fontSizeMedium css-1umw9bq-MuiSvgIcon-root"
                        data-testid="ExpandMoreIcon"
                        focusable="false"
                        viewBox="0 0 24 24"
                      >
                        <path
                          d="M16.59 8.59 12 13.17 7.41 8.59 6 10l6 6 6-6z"
                        />
                      </svg>
                    </div>
                  </div>
                </h3>
                <div
                  class="MuiCollapse-root MuiCollapse-vertical MuiCollapse-hidden css-cwrbtg-MuiCollapse-root"
                  style="min-height: 0px;"
                >
                  <div
                    class="MuiCollapse-wrapper MuiCollapse-vertical css-1x6hinx-MuiCollapse-wrapper"
                  >
                    <div
                      class="MuiCollapse-wrapperInner MuiCollapse-vertical css-1i4ywhz-MuiCollapse-wrapperInner"
                    >
                      <div
                        class="MuiAccordion-region"
                        role="region"
                      >
                        <div
                          class="MuiAccordionDetails-root css-1p9esvk-MuiAccordionDetails-root"
                        >
                          <div
                            class="MuiBox-root css-1et8dn9"
                          >
                            <h6
                              class="MuiTypography-root MuiTypography-h6 MuiTypography-alignCenter css-17uzhmm-MuiTypography-root"
                              style="--Typography-textAlign: center;"
                            >
                              Hydraulic Pumps
                            </h6>
                            <div
                              class="MuiGrid-root MuiGrid-container MuiGrid-spacing-xs-2 css-6s1xft-MuiGrid-root"
                            >
                              <div
                                class="MuiGrid-root MuiGrid-item MuiGrid-grid-xs-6 MuiGrid-grid-md-4 css-14a3zbu-MuiGrid-root"
                              >
                                <button
                                  class="MuiButtonBase-root MuiButton-root MuiButton-contained MuiButton-containedPrimary MuiButton-sizeMedium MuiButton-containedSizeMedium MuiButton-colorPrimary MuiButton-fullWidth MuiButton-root MuiButton-contained MuiButton-containedPrimary MuiButton-sizeMedium MuiButton-containedSizeMedium MuiButton-colorPrimary MuiButton-fullWidth css-1rzm7l2-MuiButtonBase-root-MuiButton-root"
                                  id="eng1-pump"
                                  tabindex="0"
                                  type="button"
                                >
                                  ENG 1 Pump
                                </button>
                              </div>
                              <div
                                class="MuiGrid-root MuiGrid-item MuiGrid-grid-xs-6 MuiGrid-grid-md-4 css-14a3zbu-MuiGrid-root"
                              >
                                <button
                                  class="MuiButtonBase-root MuiButton-root MuiButton-contained MuiButton-containedPrimary MuiButton-sizeMedium MuiButton-containedSizeMedium MuiButton-colorPrimary MuiButton-fullWidth MuiButton-root MuiButton-contained MuiButton-containedPrimary MuiButton-sizeMedium MuiButton-containedSizeMedium MuiButton-colorPrimary MuiButton-fullWidth css-1rzm7l2-MuiButtonBase-root-MuiButton-root"
                                  id="elec-pump"
                                  tabindex="0"
                                  type="button"
                                >
                                  Blue Pump
                                </button>
                              </div>
                              <div
                                class="MuiGrid-root MuiGrid-item MuiGrid-grid-xs-6 MuiGrid-grid-md-4 css-14a3zbu-MuiGrid-root"
                              >
                                <button
                                  class="MuiButtonBase-root MuiButton-root MuiButton-contained MuiButton-containedPrimary MuiButton-sizeMedium MuiButton-containedSizeMedium MuiButton-colorPrimary MuiButton-fullWidth MuiButton-root MuiButton-contained MuiButton-containedPrimary MuiButton-sizeMedium MuiButton-containedSizeMedium MuiButton-colorPrimary MuiButton-fullWidth css-1rzm7l2-MuiButtonBase-root-MuiButton-root"
                                  id="eng2-pump"
                                  tabindex="0"
                                  type="button"
                                >
                                  ENG 2 Pump
                                </button>
                              </div>
                              <div
                                class="MuiGrid-root MuiGrid-item MuiGrid-grid-xs-6 MuiGrid-grid-md-4 css-14a3zbu-MuiGrid-root"
                              >
                                <button
                                  class="MuiButtonBase-root MuiButton-root MuiButton-contained MuiButton-containedPrimary MuiButton-sizeMedium MuiButton-containedSizeMedium MuiButton-colorPrimary MuiButton-fullWidth MuiButton-root MuiButton-contained MuiButton-containedPrimary MuiButton-sizeMedium MuiButton-containedSizeMedium MuiButton-colorPrimary MuiButton-fullWidth css-1rzm7l2-MuiButtonBase-root-MuiButton-root"
                                  id="rat-man-on"
                                  tabindex="0"
                                  type="button"
                                >
                                  RAM MAN ON
                                </button>
                              </div>
                              <div
                                class="MuiGrid-root MuiGrid-item MuiGrid-grid-xs-6 MuiGrid-grid-md-4 css-14a3zbu-MuiGrid-root"
                              >
                                <button
                                  class="MuiButtonBase-root MuiButton-root MuiButton-contained MuiButton-containedPrimary MuiButton-sizeMedium MuiButton-containedSizeMedium MuiButton-colorPrimary MuiButton-fullWidth MuiButton-root MuiButton-contained MuiButton-containedPrimary MuiButton-sizeMedium MuiButton-containedSizeMedium MuiButton-colorPrimary MuiButton-fullWidth css-1rzm7l2-MuiButtonBase-root-MuiButton-root"
                                  id="ptu-auto"
                                  tabindex="0"
                                  type="button"
                                >
                                  PTU (auto)
                                </button>
                              </div>
                              <div
                                class="MuiGrid-root MuiGrid-item MuiGrid-grid-xs-6 MuiGrid-grid-md-4 css-14a3zbu-MuiGrid-root"
                              >
                                <button
                                  class="MuiButtonBase-root MuiButton-root MuiButton-contained MuiButton-containedPrimary MuiButton-sizeMedium MuiButton-containedSizeMedium MuiButton-colorPrimary MuiButton-fullWidth MuiButton-root MuiButton-contained MuiButton-containedPrimary MuiButton-sizeMedium MuiButton-containedSizeMedium MuiButton-colorPrimary MuiButton-fullWidth css-1rzm7l2-MuiButtonBase-root-MuiButton-root"
                                  id="elec-pump-2"
                                  tabindex="0"
                                  type="button"
                                >
                                  Y Elec Pump
                                </button>
                              </div>
                            </div>
                          </div>
                          <div
                            class="MuiBox-root css-1et8dn9"
                          >
                            <h6
                              class="MuiTypography-root MuiTypography-h6 MuiTypography-alignCenter css-17uzhmm-MuiTypography-root"
                              style="--Typography-textAlign: center;"
                            >
                              Engine Fire Valves
                            </h6>
                            <div
                              class="MuiGrid-root MuiGrid-container MuiGrid-spacing-xs-2 css-6s1xft-MuiGrid-root"
                            >
                              <div
                                class="MuiGrid-root MuiGrid-item MuiGrid-grid-xs-6 MuiGrid-grid-md-4 css-14a3zbu-MuiGrid-root"
                              >
                                <button
                                  class="MuiButtonBase-root MuiButton-root MuiButton-contained MuiButton-containedPrimary MuiButton-sizeMedium MuiButton-containedSizeMedium MuiButton-colorPrimary MuiButton-fullWidth MuiButton-root MuiButton-contained MuiButton-containedPrimary MuiButton-sizeMedium MuiButton-containedSizeMedium MuiButton-colorPrimary MuiButton-fullWidth css-1rzm7l2-MuiButtonBase-root-MuiButton-root"
                                  id="eng1-valve"
                                  tabindex="0"
                                  type="button"
                                >
                                  ENG 1 Valve
                                </button>
                              </div>
                              <div
                                class="MuiGrid-root MuiGrid-item MuiGrid-grid-xs-6 MuiGrid-grid-md-4 css-14a3zbu-MuiGrid-root"
                              >
                                <button
                                  class="MuiButtonBase-root MuiButton-root MuiButton-contained MuiButton-containedPrimary MuiButton-sizeMedium MuiButton-containedSizeMedium MuiButton-colorPrimary MuiButton-fullWidth MuiButton-root MuiButton-contained MuiButton-containedPrimary MuiButton-sizeMedium MuiButton-containedSizeMedium MuiButton-colorPrimary MuiButton-fullWidth css-1rzm7l2-MuiButtonBase-root-MuiButton-root"
                                  id="eng2-valve"
                                  tabindex="0"
                                  type="button"
                                >
                                  ENG 2 Valve
                                </button>
                              </div>
                            </div>
                          </div>
                        </div>
                      </div>
                    </div>
                  </div>
                </div>
              </div>
              <div
                class="MuiPaper-root MuiPaper-elevation MuiPaper-rounded MuiPaper-elevation1 MuiAccordion-root MuiAccordion-rounded MuiAccordion-gutters css-17r1v4i-MuiPaper-root-MuiAccordion-root"
                style="--Paper-shadow: 0px 2px 1px -1px rgba(0,0,0,0.2),0px 1px 1px 0px rgba(0,0,0,0.14),0px 1px 3px 0px rgba(0,0,0,0.12);"
              >
                <h3
                  class="MuiAccordion-heading css-cy7rkm-MuiAccordion-heading"
                >
                  <div
                    aria-disabled="true"
                    aria-expanded="false"
                    class="MuiButtonBase-root Mui-disabled MuiAccordionSummary-root MuiAccordionSummary-gutters css-jineix-MuiButtonBase-root-MuiAccordionSummary-root"
                    role="button"
                    tabindex="-1"
                  >
                    <div
                      class="MuiAccordionSummary-content MuiAccordionSummary-contentGutters css-7iurs7-MuiAccordionSummary-content"
                    >
                      <h6
                        class="MuiTypography-root MuiTypography-h6 css-1s626gf-MuiTypography-root"
                      >
                        Simulation Controls
                      </h6>
                    </div>
                    <div
                      class="MuiAccordionSummary-expandIconWrapper css-1wqf3nl-MuiAccordionSummary-expandIconWrapper"
                    >
                      <svg
                        aria-hidden="true"
                        class="MuiSvgIcon-root MuiSvgIcon-fontSizeMedium css-1umw9bq-MuiSvgIcon-root"
                        data-testid="ExpandMoreIcon"
                        focusable="false"
                        viewBox="0 0 24 24"
                      >
                        <path
                          d="M16.59 8.59 12 13.17 7.41 8.59 6 10l6 6 6-6z"
                        />
                      </svg>
                    </div>
                  </div>
                </h3>
                <div
                  class="MuiCollapse-root MuiCollapse-vertical MuiCollapse-hidden css-cwrbtg-MuiCollapse-root"
                  style="min-height: 0px;"
                >
                  <div
                    class="MuiCollapse-wrapper MuiCollapse-vertical css-1x6hinx-MuiCollapse-wrapper"
                  >
                    <div
                      class="MuiCollapse-wrapperInner MuiCollapse-vertical css-1i4ywhz-MuiCollapse-wrapperInner"
                    >
                      <div
                        class="MuiAccordion-region"
                        role="region"
                      >
                        <div
                          class="MuiAccordionDetails-root css-1p9esvk-MuiAccordionDetails-root"
                        >
                          <div>
                            foo
                          </div>
                        </div>
                      </div>
                    </div>
                  </div>
                </div>
              </div>
              <div
                class="MuiPaper-root MuiPaper-elevation MuiPaper-rounded MuiPaper-elevation1 MuiAccordion-root MuiAccordion-rounded MuiAccordion-gutters css-17r1v4i-MuiPaper-root-MuiAccordion-root"
                style="--Paper-shadow: 0px 2px 1px -1px rgba(0,0,0,0.2),0px 1px 1px 0px rgba(0,0,0,0.14),0px 1px 3px 0px rgba(0,0,0,0.12);"
              >
                <h3
                  class="MuiAccordion-heading css-cy7rkm-MuiAccordion-heading"
                >
                  <div
                    aria-disabled="true"
                    aria-expanded="false"
                    class="MuiButtonBase-root Mui-disabled MuiAccordionSummary-root MuiAccordionSummary-gutters css-jineix-MuiButtonBase-root-MuiAccordionSummary-root"
                    role="button"
                    tabindex="-1"
                  >
                    <div
                      class="MuiAccordionSummary-content MuiAccordionSummary-contentGutters css-7iurs7-MuiAccordionSummary-content"
                    >
                      <h6
                        class="MuiTypography-root MuiTypography-h6 css-1s626gf-MuiTypography-root"
                      >
                        Real Time Data
                      </h6>
                    </div>
                    <div
                      class="MuiAccordionSummary-expandIconWrapper css-1wqf3nl-MuiAccordionSummary-expandIconWrapper"
                    >
                      <svg
                        aria-hidden="true"
                        class="MuiSvgIcon-root MuiSvgIcon-fontSizeMedium css-1umw9bq-MuiSvgIcon-root"
                        data-testid="ExpandMoreIcon"
                        focusable="false"
                        viewBox="0 0 24 24"
                      >
                        <path
                          d="M16.59 8.59 12 13.17 7.41 8.59 6 10l6 6 6-6z"
                        />
                      </svg>
                    </div>
                  </div>
                </h3>
                <div
                  class="MuiCollapse-root MuiCollapse-vertical MuiCollapse-hidden css-cwrbtg-MuiCollapse-root"
                  style="min-height: 0px;"
                >
                  <div
                    class="MuiCollapse-wrapper MuiCollapse-vertical css-1x6hinx-MuiCollapse-wrapper"
                  >
                    <div
                      class="MuiCollapse-wrapperInner MuiCollapse-vertical css-1i4ywhz-MuiCollapse-wrapperInner"
                    >
                      <div
                        class="MuiAccordion-region"
                        role="region"
                      >
                        <div
                          class="MuiAccordionDetails-root css-1p9esvk-MuiAccordionDetails-root"
                        >
                          <div>
                            bar
                          </div>
                        </div>
                      </div>
                    </div>
                  </div>
                </div>
              </div>
              <div
                class="MuiPaper-root MuiPaper-elevation MuiPaper-rounded MuiPaper-elevation1 MuiAccordion-root MuiAccordion-rounded MuiAccordion-gutters css-17r1v4i-MuiPaper-root-MuiAccordion-root"
                style="--Paper-shadow: 0px 2px 1px -1px rgba(0,0,0,0.2),0px 1px 1px 0px rgba(0,0,0,0.14),0px 1px 3px 0px rgba(0,0,0,0.12);"
              >
                <h3
                  class="MuiAccordion-heading css-cy7rkm-MuiAccordion-heading"
                >
                  <div
                    aria-disabled="true"
                    aria-expanded="false"
                    class="MuiButtonBase-root Mui-disabled MuiAccordionSummary-root MuiAccordionSummary-gutters css-jineix-MuiButtonBase-root-MuiAccordionSummary-root"
                    role="button"
                    tabindex="-1"
                  >
                    <div
                      class="MuiAccordionSummary-content MuiAccordionSummary-contentGutters css-7iurs7-MuiAccordionSummary-content"
                    >
                      <h6
                        class="MuiTypography-root MuiTypography-h6 css-1s626gf-MuiTypography-root"
                      >
                        Failures
                      </h6>
                    </div>
                    <div
                      class="MuiAccordionSummary-expandIconWrapper css-1wqf3nl-MuiAccordionSummary-expandIconWrapper"
                    >
                      <svg
                        aria-hidden="true"
                        class="MuiSvgIcon-root MuiSvgIcon-fontSizeMedium css-1umw9bq-MuiSvgIcon-root"
                        data-testid="ExpandMoreIcon"
                        focusable="false"
                        viewBox="0 0 24 24"
                      >
                        <path
                          d="M16.59 8.59 12 13.17 7.41 8.59 6 10l6 6 6-6z"
                        />
                      </svg>
                    </div>
                  </div>
                </h3>
                <div
                  class="MuiCollapse-root MuiCollapse-vertical MuiCollapse-hidden css-cwrbtg-MuiCollapse-root"
                  style="min-height: 0px;"
                >
                  <div
                    class="MuiCollapse-wrapper MuiCollapse-vertical css-1x6hinx-MuiCollapse-wrapper"
                  >
                    <div
                      class="MuiCollapse-wrapperInner MuiCollapse-vertical css-1i4ywhz-MuiCollapse-wrapperInner"
                    >
                      <div
                        class="MuiAccordion-region"
                        role="region"
                      >
                        <div
                          class="MuiAccordionDetails-root css-1p9esvk-MuiAccordionDetails-root"
                        >
                          <div>
                            baz
                          </div>
                        </div>
                      </div>
                    </div>
                  </div>
                </div>
              </div>
              <div
                class="right-container__header MuiBox-root css-mq9939"
              >
                <h6
                  class="MuiTypography-root MuiTypography-h6 css-1vofjdp-MuiTypography-root"
                >
                  TASK #1: Frontend Development
                </h6>
                <p
                  class="MuiTypography-root MuiTypography-body1 css-1yfxmp3-MuiTypography-root"
                >
                  This is a work in progress of the frontend development task. Currently a responsive application is in place that simulates a rudimentary hydraulic system with three separate lines, each with it's set of pumps and/or valves and reundancy systems.
                  <br />
                  The current implementation is fully functioning as a MVP so, for now, the development focus will shift to integrate the ECAM screen on the actual simulator before completing further functionalities in this demonstration.
                </p>
              </div>
            </div>
          </div>
        </div>
      </div>
    </div>
  </div>
</DocumentFragment>
`;
